// Jest Snapshot v1, https://goo.gl/fbAQLP

exports[`matches snapshot with logo 1`] = `
<DocumentFragment>
  <a
    href="/messages/undefined"
  >
    <p>
      test
    </p>
    <p>
      test
    </p>
    <p>
      test
    </p>
  </a>
</DocumentFragment>
`;
