// Jest Snapshot v1, https://goo.gl/fbAQLP

exports[`matches snapshot 1`] = `
<DocumentFragment>
  <div>
    <form>
      <label
        for="searchTerm"
      >
        Search Term
      </label>
      <input
        name="searchTerm"
        placeholder="Enter search term..."
        value=""
      />
      <button
        type="submit"
      >
        Submit
      </button>
    </form>
  </div>
</DocumentFragment>
`;
