// Jest Snapshot v1, https://goo.gl/fbAQLP

exports[`matches snapshot with logo 1`] = `
<DocumentFragment>
  <div
    class="container"
  >
                
    <h1>
      <span>
         : 
      </span>
    </h1>
    <p
      class="lead"
    />
  </div>
</DocumentFragment>
`;
