// Jest Snapshot v1, https://goo.gl/fbAQLP

exports[`matches snapshot with logo 1`] = `
<DocumentFragment>
  <div>
    <a
      href="/tags/undefined"
    >
      <p>
        test
      </p>
    </a>
  </div>
</DocumentFragment>
`;
